[www.nayrathemes.com/demo/pro/hantus/index.html]
[backblue.gif]
[fade.gif]
[index.html]
[www.nayrathemes.com/demo/pro/hantus/wp-includes/css/dist/block-library/style.min4c7e.css]
[www.nayrathemes.com/demo/pro/hantus/feed/index.html]
[www.nayrathemes.com/demo/pro/hantus/comments/feed/index.html]
[www.nayrathemes.com/demo/pro/hantus/wp-content/plugins/woocommerce/packages/woocommerce-blocks/build/vendors-style7e2e.css]
[www.nayrathemes.com/demo/pro/hantus/wp-content/plugins/woocommerce/packages/woocommerce-blocks/build/style7e2e.css]
[www.nayrathemes.com/demo/pro/hantus/wp-content/plugins/contact-widgets/assets/css/font-awesome.min1849.css]
[www.nayrathemes.com/demo/pro/hantus/wp-content/plugins/contact-form-7/includes/css/styles7923.css]
[www.nayrathemes.com/demo/pro/hantus/wp-content/plugins/revslider/public/assets/css/settingsf542.css]
[www.nayrathemes.com/demo/pro/hantus/wp-content/plugins/woocommerce/assets/css/woocommerce-layout287d.css]
[www.nayrathemes.com/demo/pro/hantus/wp-content/plugins/woocommerce/assets/css/woocommerce-smallscreen287d.css]
[www.nayrathemes.com/demo/pro/hantus/wp-content/plugins/woocommerce/assets/css/woocommerce287d.css]
[www.nayrathemes.com/demo/pro/hantus/wp-content/plugins/woocommerce-gateway-paypal-express-checkout/assets/css/wc-gateway-ppec-frontend-cart4c7e.css]
[www.nayrathemes.com/demo/pro/hantus/wp-content/themes/hantus-pro/assets/css/bootstrap.min4c7e.css]
[www.nayrathemes.com/demo/pro/hantus/wp-content/themes/hantus-pro/assets/css/layout4c7e.css]
[www.nayrathemes.com/demo/pro/hantus/wp-content/themes/hantus-pro/assets/css/meanmenu.min4c7e.css]
[www.nayrathemes.com/demo/pro/hantus/wp-content/themes/hantus-pro/assets/css/owl.carousel.min4c7e.css]
[www.nayrathemes.com/demo/pro/hantus/wp-content/themes/hantus-pro/assets/css/animate4c7e.css]
[www.nayrathemes.com/demo/pro/hantus/wp-content/themes/hantus-pro/assets/css/magnific-popup4c7e.css]
[www.nayrathemes.com/demo/pro/hantus/wp-content/themes/hantus-pro/assets/css/wp-test4c7e.css]
[www.nayrathemes.com/demo/pro/hantus/wp-content/themes/hantus-pro/assets/css/widget4c7e.css]
[www.nayrathemes.com/demo/pro/hantus/wp-content/themes/hantus-pro/assets/css/woo4c7e.css]
[www.nayrathemes.com/demo/pro/hantus/wp-content/themes/hantus-pro/assets/css/typography/typograhpy4c7e.css]
[www.nayrathemes.com/demo/pro/hantus/wp-content/themes/hantus-pro/assets/css/colors/default4c7e.css]
[www.nayrathemes.com/demo/pro/hantus/wp-content/themes/hantus-pro/style4c7e.css]
[www.nayrathemes.com/demo/pro/hantus/wp-content/themes/hantus-pro/assets/css/responsive4c7e.css]
[www.nayrathemes.com/demo/pro/hantus/wp-includes/js/jquery/jquery.min9d52.js]
[www.nayrathemes.com/demo/pro/hantus/wp-includes/js/jquery/jquery-migrate.mind617.js]
[www.nayrathemes.com/demo/pro/hantus/wp-content/themes/hantus-pro/assets/js/owl.carousel.min68b3.js]
[www.nayrathemes.com/demo/pro/hantus/wp-content/themes/hantus-pro/assets/js/wow.min4c7e.js]
[www.nayrathemes.com/demo/pro/hantus/wp-content/themes/hantus-pro/assets/js/custom68b3.js]
[www.nayrathemes.com/demo/pro/hantus/wp-json/wp/v2/pages/6.json]
[www.nayrathemes.com/demo/pro/hantus/wp-json/index.html]
[www.nayrathemes.com/demo/pro/hantus/xmlrpc0db0.php]
[www.nayrathemes.com/demo/pro/hantus/wp-includes/wlwmanifest.xml]
[www.nayrathemes.com/demo/pro/hantus/wp-json/oembed/1.0/embed36ae.json]
[www.nayrathemes.com/demo/pro/hantus/wp-json/oembed/1.0/embed25ed]
[www.nayrathemes.com/demo/pro/hantus/wp-content/themes/hantus-pro/assets/images/bg-pattern/bg-img1.png]
[www.nayrathemes.com/demo/pro/hantus/wp-content/uploads/2020/06/hantus_logo-2.png]
[www.nayrathemes.com/demo/pro/hantus/wp-content/uploads/2020/06/slider-8.jpg]
[www.nayrathemes.com/demo/pro/hantus/about/index.html]
[www.nayrathemes.com/demo/pro/hantus/revolution-slider/index.html]
[www.nayrathemes.com/demo/pro/hantus/services/index.html]
[www.nayrathemes.com/demo/pro/hantus/wp-content/uploads/2020/06/slider_1.jpg]
[www.nayrathemes.com/demo/pro/hantus/menu-item/index.html]
[www.nayrathemes.com/demo/pro/hantus/pricing/index.html]
[www.nayrathemes.com/demo/pro/hantus/pricing-filter/index.html]
[www.nayrathemes.com/demo/pro/hantus/wp-content/uploads/2020/06/slider-3.jpg]
[www.nayrathemes.com/demo/pro/hantus/contact/index.html]
[www.nayrathemes.com/demo/pro/hantus/portfolio-3-column/index.html]
[www.nayrathemes.com/demo/pro/hantus/portfolio-2-column/index.html]
[www.nayrathemes.com/demo/pro/hantus/wp-content/uploads/2020/06/slider-2.jpg]
[www.nayrathemes.com/demo/pro/hantus/portfolio-4-column/index.html]
[www.nayrathemes.com/demo/pro/hantus/blog-left-sidebar/index.html]
[www.nayrathemes.com/demo/pro/hantus/blog-right-sidebar/index.html]
[www.nayrathemes.com/demo/pro/hantus/wp-content/uploads/2020/06/slider-4.jpg]
[www.nayrathemes.com/demo/pro/hantus/blog-full-width/index.html]
[www.nayrathemes.com/demo/pro/hantus/gallery/index.html]
[www.nayrathemes.com/demo/pro/hantus/blog-filter/index.html]
[www.nayrathemes.com/demo/pro/hantus/wp-content/uploads/2020/06/slider-5.jpg]
[www.nayrathemes.com/demo/pro/hantus/shop/index.html]
[www.nayrathemes.com/demo/pro/hantus/product-filter/index.html]
[www.nayrathemes.com/demo/pro/hantus/cart/index.html]
[www.nayrathemes.com/demo/pro/hantus/wp-content/uploads/2020/06/slider-6.jpg]
[www.nayrathemes.com/demo/pro/hantus/wp-content/uploads/2020/06/slider-7.jpg]
[www.nayrathemes.com/demo/pro/hantus/my-account/index.html]
[www.nayrathemes.com/demo/pro/hantus/wp-content/uploads/2020/06/slider-10.jpg]
[www.nayrathemes.com/demo/pro/hantus/wp-content/themes/hantus-pro/assets/images/icons/icon01.jpg]
[www.nayrathemes.com/demo/pro/hantus/wp-content/themes/hantus-pro/assets/images/icons/icon02.jpg]
[www.nayrathemes.com/demo/pro/hantus/wp-content/themes/hantus-pro/assets/images/icons/icon03.jpg]
[www.nayrathemes.com/demo/pro/hantus/wp-content/themes/hantus-pro/assets/images/service/service01.png]
[www.nayrathemes.com/demo/pro/hantus/wp-content/themes/hantus-pro/assets/images/service/service02.png]
[www.nayrathemes.com/demo/pro/hantus/wp-content/themes/hantus-pro/assets/images/service/service03.png]
[www.nayrathemes.com/demo/pro/hantus/wp-content/themes/hantus-pro/assets/images/service/service04.png]
[www.nayrathemes.com/demo/pro/hantus/wp-content/uploads/2019/08/portfolio08.png]
[www.nayrathemes.com/demo/pro/hantus/wp-content/uploads/2019/08/portfolio07.png]
[www.nayrathemes.com/demo/pro/hantus/wp-content/uploads/2019/08/portfolio06.png]
[www.nayrathemes.com/demo/pro/hantus/wp-content/uploads/2019/08/portfolio05.png]
[www.nayrathemes.com/demo/pro/hantus/wp-content/uploads/2019/08/portfolio04.png]
[www.nayrathemes.com/demo/pro/hantus/wp-content/uploads/2019/08/portfolio03.png]
[www.nayrathemes.com/demo/pro/hantus/wp-content/themes/hantus-pro/assets/images/bg/feature-bg.jpg]
[www.nayrathemes.com/demo/pro/hantus/wp-content/themes/hantus-pro/assets/images/feature-icon/feature-icon01.png]
[www.nayrathemes.com/demo/pro/hantus/wp-content/themes/hantus-pro/assets/images/feature-icon/feature-icon02.png]
[www.nayrathemes.com/demo/pro/hantus/wp-content/themes/hantus-pro/assets/images/feature-icon/feature-icon03.png]
[www.nayrathemes.com/demo/pro/hantus/wp-content/themes/hantus-pro/assets/images/feature-icon/feature-icon04.png]
[www.nayrathemes.com/demo/pro/hantus/wp-content/uploads/2019/03/pricing03.jpg]
[www.nayrathemes.com/demo/pro/hantus/wp-content/uploads/2019/03/pricing02.jpg]
[www.nayrathemes.com/demo/pro/hantus/wp-content/uploads/2019/03/pricing01.jpg]
[www.nayrathemes.com/demo/pro/hantus/wp-content/themes/hantus-pro/assets/images/bg/counter-bg.jpg]
[www.nayrathemes.com/demo/pro/hantus/wp-content/themes/hantus-pro/assets/images/counter/counter-icon01.png]
[www.nayrathemes.com/demo/pro/hantus/wp-content/themes/hantus-pro/assets/images/counter/counter-icon02.png]
[www.nayrathemes.com/demo/pro/hantus/wp-content/themes/hantus-pro/assets/images/counter/counter-icon03.png]
[www.nayrathemes.com/demo/pro/hantus/wp-content/themes/hantus-pro/assets/images/counter/counter-icon04.png]
[www.nayrathemes.com/demo/pro/hantus/wp-content/uploads/2020/06/product.png]
[www.nayrathemes.com/demo/pro/hantus/wp-content/uploads/2019/03/product04.png]
[www.nayrathemes.com/demo/pro/hantus/wp-content/uploads/2019/03/product03.png]
[www.nayrathemes.com/demo/pro/hantus/product/finish-souna111/index.html]
[www.nayrathemes.com/demo/pro/hantus/product/innisfree-tapping-lip-4/index.html]
[www.nayrathemes.com/demo/pro/hantus/product/innisfree-tapping-lip-3/index.html]
[www.nayrathemes.com/demo/pro/hantus/wp-content/uploads/2019/03/product02.png]
[www.nayrathemes.com/demo/pro/hantus/wp-content/uploads/2019/03/product01.png]
[www.nayrathemes.com/demo/pro/hantus/product/innisfree-tapping-lip-2/index.html]
[www.nayrathemes.com/demo/pro/hantus/wp-content/themes/hantus-pro/assets/images/bg/testimonial-bg.jpg]
[www.nayrathemes.com/demo/pro/hantus/product/innisfree-tapping-lip/index.html]
[www.nayrathemes.com/demo/pro/hantus/wp-content/themes/hantus-pro/assets/images/testimonial/testimonial01.png]
[www.nayrathemes.com/demo/pro/hantus/wp-content/uploads/2020/06/team-1.jpg]
[www.nayrathemes.com/demo/pro/hantus/wp-content/uploads/2020/06/team-2.jpg]
[www.nayrathemes.com/demo/pro/hantus/wp-content/uploads/2020/06/team-3.jpg]
[www.nayrathemes.com/demo/pro/hantus/wp-content/uploads/2020/06/team-4.jpg]
[www.nayrathemes.com/demo/pro/hantus/wp-content/themes/hantus-pro/assets/images/bg/appoinmentbg.jpg]
[www.nayrathemes.com/demo/pro/hantus/wp-content/themes/hantus-pro/assets/images/partners/partner-1.png]
[www.nayrathemes.com/demo/pro/hantus/wp-content/themes/hantus-pro/assets/images/partners/partner-2.png]
[www.nayrathemes.com/demo/pro/hantus/wp-content/themes/hantus-pro/assets/images/partners/partner-3.png]
[www.nayrathemes.com/demo/pro/hantus/wp-content/themes/hantus-pro/assets/images/partners/partner-4.png]
[www.nayrathemes.com/demo/pro/hantus/wp-content/themes/hantus-pro/assets/images/partners/partner-5.png]
[www.nayrathemes.com/demo/pro/hantus/wp-content/themes/hantus-pro/assets/images/partners/partner-6.png]
[www.nayrathemes.com/cdn-cgi/scripts/5c5dd728/cloudflare-static/email-decode.min.js]
[www.nayrathemes.com/demo/pro/hantus/wp-content/uploads/2019/03/blogimg07.jpg]
[www.nayrathemes.com/demo/pro/hantus/wp-content/uploads/2019/03/blogimg06.jpg]
[www.nayrathemes.com/demo/pro/hantus/2019/03/04/index.html]
[www.nayrathemes.com/demo/pro/hantus/wp-content/uploads/2019/03/blogimg04.jpg]
[www.nayrathemes.com/demo/pro/hantus/2019/03/04/elements-massage-appoints-first-ever-chief-wellness-officer-7/index.html]
[www.nayrathemes.com/demo/pro/hantus/2019/03/04/elements-massage-appoints-first-ever-chief-wellness-officer-6/index.html]
[www.nayrathemes.com/demo/pro/hantus/wp-content/themes/hantus-pro/inc/style-configurator/fullwidth.jpg]
[www.nayrathemes.com/demo/pro/hantus/2019/03/04/elements-massage-appoints-first-ever-chief-wellness-officer-4/index.html]
[www.nayrathemes.com/demo/pro/hantus/2020/06/25/beach-bag-great-and-bikini-body-products/index.html]
[www.nayrathemes.com/demo/pro/hantus/author/nayrathemes/index.html]
[www.nayrathemes.com/demo/pro/hantus/wp-content/themes/hantus-pro/inc/style-configurator/boxed.jpg]
[www.nayrathemes.com/demo/pro/hantus/2020/06/25/when-massage-may-not-be-a-good-idea-fro-you/index.html]
[www.nayrathemes.com/demo/pro/hantus/2020/06/25/certified-products-our-spa/index.html]
[www.nayrathemes.com/demo/pro/hantus/2020/06/25/mens-sensitive-hydro-gel-the-perfect-cure/index.html]
[www.nayrathemes.com/demo/pro/hantus/wp-content/themes/hantus-pro/inc/style-configurator/style_bundle/alertify.min4c7e.css]
[www.nayrathemes.com/demo/pro/hantus/2020/06/index.html]
[www.nayrathemes.com/demo/pro/hantus/wp-content/themes/hantus-pro/inc/style-configurator/style_bundle/default.min4c7e.css]
[www.nayrathemes.com/demo/pro/hantus/2020/06/25/everything-your-body-needs/index.html]
[www.nayrathemes.com/demo/pro/hantus/wp-content/themes/hantus-pro/inc/style-configurator/style_bundle/style-configurator4c7e.css]
[www.nayrathemes.com/demo/pro/hantus/wp-content/plugins/contact-form-7/includes/js/scripts7923.js]
[www.nayrathemes.com/demo/pro/hantus/wp-content/plugins/revslider/public/assets/js/jquery.themepunch.tools.minf542.js]
[www.nayrathemes.com/demo/pro/hantus/wp-content/plugins/revslider/public/assets/js/jquery.themepunch.revolution.minf542.js]
[www.nayrathemes.com/demo/pro/hantus/wp-content/plugins/revslider/public/assets/js/extensions/revolution.extension.actions.minf542.js]
[www.nayrathemes.com/demo/pro/hantus/wp-content/plugins/revslider/public/assets/js/extensions/revolution.extension.carousel.minf542.js]
[www.nayrathemes.com/demo/pro/hantus/wp-content/plugins/revslider/public/assets/js/extensions/revolution.extension.kenburn.minf542.js]
[www.nayrathemes.com/demo/pro/hantus/wp-content/plugins/revslider/public/assets/js/extensions/revolution.extension.layeranimation.minf542.js]
[www.nayrathemes.com/demo/pro/hantus/wp-content/plugins/revslider/public/assets/js/extensions/revolution.extension.migration.minf542.js]
[www.nayrathemes.com/demo/pro/hantus/wp-content/plugins/revslider/public/assets/js/extensions/revolution.extension.navigation.minf542.js]
[www.nayrathemes.com/demo/pro/hantus/wp-content/plugins/revslider/public/assets/js/extensions/revolution.extension.parallax.minf542.js]
[www.nayrathemes.com/demo/pro/hantus/wp-content/plugins/revslider/public/assets/js/extensions/revolution.extension.slideanims.minf542.js]
[www.nayrathemes.com/demo/pro/hantus/wp-content/plugins/revslider/public/assets/js/extensions/revolution.extension.video.minf542.js]
[www.nayrathemes.com/demo/pro/hantus/wp-content/plugins/woocommerce/assets/js/jquery-blockui/jquery.blockUI.min44fd.js]
[www.nayrathemes.com/demo/pro/hantus/wp-content/plugins/woocommerce/assets/js/frontend/add-to-cart.min287d.js]
[www.nayrathemes.com/demo/pro/hantus/wp-content/plugins/woocommerce/assets/js/js-cookie/js.cookie.min6b25.js]
[www.nayrathemes.com/demo/pro/hantus/wp-content/plugins/woocommerce/assets/js/frontend/woocommerce.min287d.js]
[www.nayrathemes.com/demo/pro/hantus/wp-content/plugins/woocommerce/assets/js/frontend/cart-fragments.min287d.js]
[www.nayrathemes.com/demo/pro/hantus/wp-content/themes/hantus-pro/assets/js/jquery.counterup.min4c7e.js]
[www.nayrathemes.com/demo/pro/hantus/wp-content/themes/hantus-pro/assets/js/jquery.magnific-popup.min4c7e.js]
[www.nayrathemes.com/demo/pro/hantus/wp-content/themes/hantus-pro/assets/js/jquery.shuffle.min4c7e.js]
[www.nayrathemes.com/demo/pro/hantus/wp-content/themes/hantus-pro/assets/js/jquery.meanmenu.min4c7e.js]
[www.nayrathemes.com/demo/pro/hantus/wp-includes/js/wp-embed.min4c7e.js]
[www.nayrathemes.com/demo/pro/hantus/wp-content/themes/hantus-pro/assets/js/homepage/slider4c7e.js]
[www.nayrathemes.com/demo/pro/hantus/wp-content/themes/hantus-pro/assets/js/homepage/product4c7e.js]
[www.nayrathemes.com/demo/pro/hantus/wp-content/themes/hantus-pro/assets/js/homepage/sponsor4c7e.js]
[www.nayrathemes.com/demo/pro/hantus/wp-content/themes/hantus-pro/inc/style-configurator/style_bundle/picker4c7e.js]
[www.nayrathemes.com/demo/pro/hantus/wp-content/themes/hantus-pro/inc/style-configurator/style_bundle/alertify.min4c7e.js]
[www.nayrathemes.com/demo/pro/hantus/wp-content/themes/hantus-pro/inc/style-configurator/style_bundle/style-configurator4c7e.js]
[www.nayrathemes.com/demo/pro/hantus/index.html]
[www.nayrathemes.com/demo/pro/hantus/wp-includes/css/dist/block-library/style.min4c7e.css]
[www.nayrathemes.com/demo/pro/hantus/wp-content/plugins/woocommerce/packages/woocommerce-blocks/build/vendors-style7e2e.css]
[www.nayrathemes.com/demo/pro/hantus/wp-content/plugins/woocommerce/packages/woocommerce-blocks/build/style7e2e.css]
[www.nayrathemes.com/demo/pro/hantus/wp-content/plugins/mailchimp-for-wp/assets/js/forms-api.min62d0.js]
[www.nayrathemes.com/demo/pro/hantus/wp-content/plugins/contact-widgets/assets/fonts/fontawesome-webfont3e6e.eot]
[www.nayrathemes.com/demo/pro/hantus/wp-content/plugins/contact-widgets/assets/fonts/fontawesome-webfontd41d.eot]
[www.nayrathemes.com/demo/pro/hantus/wp-content/plugins/contact-widgets/assets/fonts/fontawesome-webfont3e6e.woff2]
[www.nayrathemes.com/demo/pro/hantus/wp-content/plugins/contact-widgets/assets/fonts/fontawesome-webfont3e6e.woff]
[www.nayrathemes.com/demo/pro/hantus/wp-content/plugins/contact-widgets/assets/fonts/fontawesome-webfont3e6e.ttf]
[www.nayrathemes.com/demo/pro/hantus/wp-content/plugins/contact-widgets/assets/css/font-awesome.min1849.css]
[www.nayrathemes.com/demo/pro/hantus/wp-content/plugins/contact-widgets/assets/fonts/fontawesome-webfont3e6e.svg]
[www.nayrathemes.com/demo/pro/hantus/wp-content/plugins/contact-form-7/assets/ajax-loader.gif]
[www.nayrathemes.com/demo/pro/hantus/wp-content/plugins/contact-form-7/includes/css/styles7923.css]
[www.nayrathemes.com/demo/pro/hantus/wp-content/plugins/revslider/public/assets/fonts/revicons/revicons90c6.eot]
[www.nayrathemes.com/demo/pro/hantus/wp-content/plugins/revslider/public/assets/fonts/revicons/revicons90c6.woff]
[www.nayrathemes.com/demo/pro/hantus/wp-content/plugins/revslider/public/assets/fonts/revicons/revicons90c6.ttf]
[www.nayrathemes.com/demo/pro/hantus/wp-content/plugins/revslider/public/assets/fonts/revicons/revicons90c6.svg]
[www.nayrathemes.com/demo/pro/hantus/wp-content/plugins/revslider/public/assets/assets/gridtile.png]
[www.nayrathemes.com/demo/pro/hantus/wp-content/plugins/revslider/public/assets/assets/gridtile_white.png]
[www.nayrathemes.com/demo/pro/hantus/wp-content/plugins/revslider/public/assets/assets/gridtile_3x3.png]
[www.nayrathemes.com/demo/pro/hantus/wp-content/plugins/revslider/public/assets/assets/gridtile_3x3_white.png]
[www.nayrathemes.com/demo/pro/hantus/wp-content/plugins/revslider/public/assets/assets/coloredbg.png]
[www.nayrathemes.com/demo/pro/hantus/wp-content/plugins/revslider/public/assets/assets/loader.gif]
[www.nayrathemes.com/demo/pro/hantus/wp-content/plugins/revslider/public/assets/css/settingsf542.css]
[www.nayrathemes.com/demo/pro/hantus/wp-content/plugins/woocommerce/assets/css/woocommerce-layout287d.css]
[www.nayrathemes.com/demo/pro/hantus/wp-content/plugins/woocommerce/assets/css/woocommerce-smallscreen287d.css]
[www.nayrathemes.com/demo/pro/hantus/wp-content/plugins/woocommerce/assets/fonts/star.eot]
[www.nayrathemes.com/demo/pro/hantus/wp-content/plugins/woocommerce/assets/fonts/stard41d.eot]
[www.nayrathemes.com/demo/pro/hantus/wp-content/plugins/woocommerce/assets/fonts/star.woff]
[www.nayrathemes.com/demo/pro/hantus/wp-content/plugins/woocommerce/assets/fonts/star.ttf]
[www.nayrathemes.com/demo/pro/hantus/wp-content/plugins/woocommerce/assets/fonts/star.svg]
[www.nayrathemes.com/demo/pro/hantus/wp-content/plugins/woocommerce/assets/fonts/WooCommerce.eot]
[www.nayrathemes.com/demo/pro/hantus/wp-content/plugins/woocommerce/assets/fonts/WooCommerced41d.eot]
[www.nayrathemes.com/demo/pro/hantus/wp-content/plugins/woocommerce/assets/fonts/WooCommerce.woff]
[www.nayrathemes.com/demo/pro/hantus/wp-content/plugins/woocommerce/assets/fonts/WooCommerce.ttf]
[www.nayrathemes.com/demo/pro/hantus/wp-content/plugins/woocommerce/assets/fonts/WooCommerce.svg]
[www.nayrathemes.com/demo/pro/hantus/wp-content/plugins/woocommerce/assets/images/icons/loader.svg]
[www.nayrathemes.com/demo/pro/hantus/wp-content/plugins/woocommerce/assets/images/icons/credit-cards/visa.svg]
[www.nayrathemes.com/demo/pro/hantus/wp-content/plugins/woocommerce/assets/images/icons/credit-cards/mastercard.svg]
[www.nayrathemes.com/demo/pro/hantus/wp-content/plugins/woocommerce/assets/images/icons/credit-cards/laser.svg]
[www.nayrathemes.com/demo/pro/hantus/wp-content/plugins/woocommerce/assets/images/icons/credit-cards/diners.svg]
[www.nayrathemes.com/demo/pro/hantus/wp-content/plugins/woocommerce/assets/images/icons/credit-cards/maestro.svg]
[www.nayrathemes.com/demo/pro/hantus/wp-content/plugins/woocommerce/assets/images/icons/credit-cards/jcb.svg]
[www.nayrathemes.com/demo/pro/hantus/wp-content/plugins/woocommerce/assets/images/icons/credit-cards/amex.svg]
[www.nayrathemes.com/demo/pro/hantus/wp-content/plugins/woocommerce/assets/css/woocommerce287d.css]
[www.nayrathemes.com/demo/pro/hantus/wp-content/plugins/woocommerce-gateway-paypal-express-checkout/assets/css/wc-gateway-ppec-frontend-cart4c7e.css]
[www.nayrathemes.com/demo/pro/hantus/wp-content/themes/hantus-pro/assets/css/bootstrap.min4c7e.css]
[www.nayrathemes.com/demo/pro/hantus/wp-content/themes/hantus-pro/assets/css/layout4c7e.css]
[www.nayrathemes.com/demo/pro/hantus/wp-content/themes/hantus-pro/assets/css/meanmenu.min4c7e.css]
[www.nayrathemes.com/demo/pro/hantus/wp-content/plugins/woocommerce/assets/images/icons/credit-cards/discover.svg]
[www.nayrathemes.com/demo/pro/hantus/wp-content/themes/hantus-pro/assets/css/owl.video.play.png]
[www.nayrathemes.com/demo/pro/hantus/wp-content/themes/hantus-pro/assets/css/owl.carousel.min4c7e.css]
[www.nayrathemes.com/demo/pro/hantus/wp-content/themes/hantus-pro/assets/css/animate4c7e.css]
[www.nayrathemes.com/demo/pro/hantus/wp-content/themes/hantus-pro/assets/css/magnific-popup4c7e.css]
[www.nayrathemes.com/demo/pro/hantus/wp-content/themes/hantus-pro/assets/css/wp-test4c7e.css]
[www.nayrathemes.com/demo/pro/hantus/wp-content/themes/hantus-pro/assets/css/widget4c7e.css]
[www.nayrathemes.com/demo/pro/hantus/wp-content/themes/hantus-pro/assets/css/woo4c7e.css]
[www.nayrathemes.com/demo/pro/hantus/wp-content/themes/hantus-pro/assets/css/typography/typograhpy4c7e.css]
[www.nayrathemes.com/demo/pro/hantus/wp-content/themes/hantus-pro/assets/css/colors/default4c7e.css]
[www.nayrathemes.com/demo/pro/hantus/wp-content/themes/img/bg/feature-bg.jpg]
[www.nayrathemes.com/demo/pro/hantus/wp-content/themes/assets/images/section-icon.png]
[www.nayrathemes.com/demo/pro/hantus/wp-content/themes/img/bg/appoinmentbg.jpg]
[www.nayrathemes.com/demo/pro/hantus/wp-content/themes/img/bg/breadcrumb-bg.jpg]
[www.nayrathemes.com/demo/pro/hantus/wp-content/themes/img/about-page/wcu.jpg]
[www.nayrathemes.com/demo/pro/hantus/wp-content/themes/hantus-pro/style4c7e.css]
[www.nayrathemes.com/demo/pro/hantus/wp-content/themes/hantus-pro/assets/css/responsive4c7e.css]
[www.nayrathemes.com/demo/pro/hantus/wp-content/themes/hantus-pro/assets/images/bg-pattern/bg-img1.html]
[www.nayrathemes.com/demo/pro/hantus/wp-json/wp/v2/pages/218.json]
[www.nayrathemes.com/demo/pro/hantus/wp-json/oembed/1.0/embed64cb.json]
[www.nayrathemes.com/demo/pro/hantus/wp-json/oembed/1.0/embed4c27]
[www.nayrathemes.com/demo/pro/hantus/wp-content/uploads/2019/09/3.jpg]
[www.nayrathemes.com/demo/pro/hantus/wp-content/uploads/2019/08/woman-3701712_1920.jpg]
[www.nayrathemes.com/demo/pro/hantus/revolution-slider/2019/03/04]
[www.nayrathemes.com/demo/pro/hantus/revolution-slider/index.html]
[www.nayrathemes.com/demo/pro/hantus/wp-json/wp/v2/pages/95.json]
[www.nayrathemes.com/demo/pro/hantus/wp-json/oembed/1.0/embede949.json]
[www.nayrathemes.com/demo/pro/hantus/wp-json/oembed/1.0/embed1d70]
[www.nayrathemes.com/demo/pro/hantus/wp-content/themes/hantus-pro/assets/images/bg/breadcrumb-bg.jpg]
[www.nayrathemes.com/demo/pro/hantus/wp-content/themes/hantus-pro/assets/images/about-page/welcomeimg01.jpg]
[www.nayrathemes.com/demo/pro/hantus/wp-content/themes/hantus-pro/assets/images/about-page/welcomeimg02.jpg]
[www.nayrathemes.com/demo/pro/hantus/wp-content/themes/hantus-pro/assets/images/about-page/welcomeimg03.jpg]
[www.nayrathemes.com/demo/pro/hantus/wp-content/themes/hantus-pro/assets/images/about-page/wcu.jpg]
[www.nayrathemes.com/demo/pro/hantus/wp-content/themes/hantus-pro/assets/images/about-page/play-icon.png]
[www.nayrathemes.com/demo/pro/hantus/about/index.html]
[www.nayrathemes.com/demo/pro/hantus/wp-json/wp/v2/pages/92.json]
[www.nayrathemes.com/demo/pro/hantus/wp-json/oembed/1.0/embed9476.json]
[www.nayrathemes.com/demo/pro/hantus/wp-json/oembed/1.0/embed7ddb]
[www.nayrathemes.com/demo/pro/hantus/wp-content/themes/hantus-pro/assets/images/service/service05.png]
[www.nayrathemes.com/demo/pro/hantus/wp-content/themes/hantus-pro/assets/images/service/service06.png]
[www.nayrathemes.com/demo/pro/hantus/wp-content/themes/hantus-pro/assets/images/service/service07.png]
[www.nayrathemes.com/demo/pro/hantus/wp-content/themes/hantus-pro/assets/images/service/service08.png]
[www.nayrathemes.com/demo/pro/hantus/services/index.html]
[www.nayrathemes.com/demo/pro/hantus/wp-json/wp/v2/pages/198.json]
[www.nayrathemes.com/demo/pro/hantus/wp-json/oembed/1.0/embed88dd.json]
[www.nayrathemes.com/demo/pro/hantus/wp-json/oembed/1.0/embed92d6]
[www.nayrathemes.com/demo/pro/hantus/wp-content/uploads/2019/08/portfolio02.png]
[www.nayrathemes.com/demo/pro/hantus/wp-content/uploads/2019/08/portfolio01.png]
[www.nayrathemes.com/demo/pro/hantus/menu-item/index.html]
[www.nayrathemes.com/demo/pro/hantus/wp-json/wp/v2/pages/98.json]
[www.nayrathemes.com/demo/pro/hantus/wp-json/oembed/1.0/embed4eae.json]
[www.nayrathemes.com/demo/pro/hantus/pricing/index.html]
[www.nayrathemes.com/demo/pro/hantus/wp-json/oembed/1.0/embedbc28]
[www.nayrathemes.com/demo/pro/hantus/wp-json/wp/v2/pages/177.json]
[www.nayrathemes.com/demo/pro/hantus/wp-json/oembed/1.0/embeda83e.json]
[www.nayrathemes.com/demo/pro/hantus/pricing-filter/index.html]
[www.nayrathemes.com/demo/pro/hantus/wp-json/oembed/1.0/embed3acd]
[www.nayrathemes.com/demo/pro/hantus/wp-json/wp/v2/pages/104.json]
[www.nayrathemes.com/demo/pro/hantus/wp-json/oembed/1.0/embedc98a.json]
[www.nayrathemes.com/demo/pro/hantus/wp-json/oembed/1.0/embedb3d1]
[www.nayrathemes.com/demo/pro/hantus/contact/index.html]
[www.nayrathemes.com/demo/pro/hantus/wp-content/themes/hantus-pro/assets/js/map-script4c7e.js]
[www.nayrathemes.com/demo/pro/hantus/wp-json/wp/v2/pages/119.json]
[www.nayrathemes.com/demo/pro/hantus/wp-json/oembed/1.0/embedf886.json]
[www.nayrathemes.com/demo/pro/hantus/wp-json/oembed/1.0/embed3df0]
[www.nayrathemes.com/demo/pro/hantus/wp-content/uploads/2019/03/portfolio-01.jpg]
[www.nayrathemes.com/demo/pro/hantus/wp-content/uploads/2019/03/portfolio-02.jpg]
[www.nayrathemes.com/demo/pro/hantus/wp-content/uploads/2019/03/portfolio-03.jpg]
[www.nayrathemes.com/demo/pro/hantus/wp-content/uploads/2019/03/portfolio-04.jpg]
[www.nayrathemes.com/demo/pro/hantus/wp-content/uploads/2019/03/portfolio-05.jpg]
[www.nayrathemes.com/demo/pro/hantus/wp-content/uploads/2019/03/portfolio-06.jpg]
[www.nayrathemes.com/demo/pro/hantus/wp-content/uploads/2019/03/portfolio-07.jpg]
[www.nayrathemes.com/demo/pro/hantus/wp-content/uploads/2019/03/portfolio-08.jpg]
[www.nayrathemes.com/demo/pro/hantus/portfolio-2-column/index.html]
[www.nayrathemes.com/demo/pro/hantus/wp-json/wp/v2/pages/122.json]
[www.nayrathemes.com/demo/pro/hantus/wp-json/oembed/1.0/embed0644.json]
[www.nayrathemes.com/demo/pro/hantus/portfolio-3-column/index.html]
[www.nayrathemes.com/demo/pro/hantus/wp-json/oembed/1.0/embed6caf]
[www.nayrathemes.com/demo/pro/hantus/wp-json/wp/v2/pages/125.json]
[www.nayrathemes.com/demo/pro/hantus/wp-json/oembed/1.0/embed2b51.json]
[www.nayrathemes.com/demo/pro/hantus/portfolio-4-column/index.html]
[www.nayrathemes.com/demo/pro/hantus/wp-json/oembed/1.0/embed6e30]
[www.nayrathemes.com/demo/pro/hantus/wp-json/wp/v2/pages/108.json]
[www.nayrathemes.com/demo/pro/hantus/wp-json/oembed/1.0/embed3cbf.json]
[www.nayrathemes.com/demo/pro/hantus/wp-json/oembed/1.0/embedcd70]
[www.nayrathemes.com/demo/pro/hantus/wp-content/uploads/2020/06/blog_14.jpg]
[www.nayrathemes.com/demo/pro/hantus/wp-content/uploads/2020/06/blog_13.jpg]
[www.nayrathemes.com/demo/pro/hantus/wp-content/uploads/2020/06/blog_11.jpg]
[www.nayrathemes.com/demo/pro/hantus/wp-content/uploads/2020/06/blog_10.jpg]
[www.nayrathemes.com/demo/pro/hantus/wp-content/uploads/2020/06/blog_9.jpg]
[www.nayrathemes.com/demo/pro/hantus/wp-content/uploads/2019/03/blogimg08.jpg]
[www.nayrathemes.com/demo/pro/hantus/wp-login.html]
[www.nayrathemes.com/demo/pro/hantus/blog-left-sidebar/index.html]
[www.nayrathemes.com/demo/pro/hantus/2019/03/index.html]
[www.nayrathemes.com/demo/pro/hantus/2019/03/04/elements-massage-appoints-first-ever-chief-wellness-officer-8/index.html]
[www.nayrathemes.com/demo/pro/hantus/blog-left-sidebar/page/2/index.html]
[www.nayrathemes.com/demo/pro/hantus/category/all/index.html]
[www.nayrathemes.com/demo/pro/hantus/category/beauty/index.html]
[www.nayrathemes.com/demo/pro/hantus/category/latest/index.html]
[www.nayrathemes.com/demo/pro/hantus/category/business/index.html]
[www.nayrathemes.com/demo/pro/hantus/wp-json/wp/v2/pages/111.json]
[www.nayrathemes.com/demo/pro/hantus/category/product/index.html]
[www.nayrathemes.com/demo/pro/hantus/category/stream/index.html]
[www.nayrathemes.com/demo/pro/hantus/category/uncategorized/index.html]
[www.nayrathemes.com/demo/pro/hantus/tag/beach/index.html]
[www.nayrathemes.com/demo/pro/hantus/wp-json/oembed/1.0/embed8d5d.json]
[www.nayrathemes.com/demo/pro/hantus/tag/nature/index.html]
[www.nayrathemes.com/demo/pro/hantus/tag/beauty/index.html]
[www.nayrathemes.com/demo/pro/hantus/tag/new/index.html]
[www.nayrathemes.com/demo/pro/hantus/tag/product/index.html]
[www.nayrathemes.com/demo/pro/hantus/wp-json/oembed/1.0/embed8a1d]
[www.nayrathemes.com/demo/pro/hantus/blog-right-sidebar/index.html]
[www.nayrathemes.com/demo/pro/hantus/tag/service/index.html]
[www.nayrathemes.com/demo/pro/hantus/tag/spa/index.html]
[www.nayrathemes.com/demo/pro/hantus/tag/stream/index.html]
[www.nayrathemes.com/demo/pro/hantus/tag/yoga/index.html]
[www.nayrathemes.com/demo/pro/hantus/blog-right-sidebar/page/2/index.html]
[www.nayrathemes.com/demo/pro/hantus/wp-json/wp/v2/pages/115.json]
[www.nayrathemes.com/demo/pro/hantus/wp-json/oembed/1.0/embeda60f.json]
[www.nayrathemes.com/demo/pro/hantus/blog-full-width/index.html]
[www.nayrathemes.com/demo/pro/hantus/wp-json/oembed/1.0/embed4927]
[www.nayrathemes.com/demo/pro/hantus/wp-json/wp/v2/pages/172.json]
[www.nayrathemes.com/demo/pro/hantus/blog-full-width/page/2/index.html]
[www.nayrathemes.com/demo/pro/hantus/wp-json/oembed/1.0/embedde8e.json]
[www.nayrathemes.com/demo/pro/hantus/blog-filter/index.html]
[www.nayrathemes.com/demo/pro/hantus/wp-json/oembed/1.0/embed6ef5]
[www.nayrathemes.com/demo/pro/hantus/wp-json/wp/v2/pages/101.json]
[www.nayrathemes.com/demo/pro/hantus/wp-json/oembed/1.0/embedf767.json]
[www.nayrathemes.com/demo/pro/hantus/wp-json/oembed/1.0/embed100a]
[www.nayrathemes.com/demo/pro/hantus/wp-content/themes/hantus-pro/assets/images/gallery/gallery01.jpg]
[www.nayrathemes.com/demo/pro/hantus/wp-content/themes/hantus-pro/assets/images/gallery/gallery02.jpg]
[www.nayrathemes.com/demo/pro/hantus/wp-content/themes/hantus-pro/assets/images/gallery/gallery03.jpg]
[www.nayrathemes.com/demo/pro/hantus/wp-content/themes/hantus-pro/assets/images/gallery/gallery04.jpg]
[www.nayrathemes.com/demo/pro/hantus/wp-content/themes/hantus-pro/assets/images/gallery/gallery05.jpg]
[www.nayrathemes.com/demo/pro/hantus/wp-content/themes/hantus-pro/assets/images/gallery/gallery07.jpg]
[www.nayrathemes.com/demo/pro/hantus/wp-content/themes/hantus-pro/assets/images/gallery/gallery08.jpg]
[www.nayrathemes.com/demo/pro/hantus/wp-content/themes/hantus-pro/assets/images/gallery/gallery09.jpg]
[www.nayrathemes.com/demo/pro/hantus/wp-content/themes/hantus-pro/assets/images/gallery/gallery10.jpg]
[www.nayrathemes.com/demo/pro/hantus/wp-content/themes/hantus-pro/assets/images/gallery/gallery11.jpg]
[www.nayrathemes.com/demo/pro/hantus/wp-content/themes/hantus-pro/assets/images/gallery/gallery12.jpg]
[www.nayrathemes.com/demo/pro/hantus/gallery/index.html]
[www.nayrathemes.com/demo/pro/hantus/shop/index.html]
[www.nayrathemes.com/demo/pro/hantus/shop/feed/index.html]
[www.nayrathemes.com/demo/pro/hantus/shop/index9d7e.html]
[www.nayrathemes.com/demo/pro/hantus/shop/index83ae.html]
[www.nayrathemes.com/demo/pro/hantus/shop/index7547.html]
[www.nayrathemes.com/demo/pro/hantus/shop/indexacaf.html]
[www.nayrathemes.com/demo/pro/hantus/wp-json/wp/v2/pages/182.json]
[www.nayrathemes.com/demo/pro/hantus/product-category/all/index.html]
[www.nayrathemes.com/demo/pro/hantus/shop/indexaa11.html]
[www.nayrathemes.com/demo/pro/hantus/product-category/clothing/index.html]
[www.nayrathemes.com/demo/pro/hantus/product-category/clothing/accessories/index.html]
[www.nayrathemes.com/demo/pro/hantus/wp-json/oembed/1.0/embede5db.json]
[www.nayrathemes.com/demo/pro/hantus/product-category/clothing/hoodies/index.html]
[www.nayrathemes.com/demo/pro/hantus/product-category/clothing/tshirts/index.html]
[www.nayrathemes.com/demo/pro/hantus/product-category/cream/index.html]
[www.nayrathemes.com/demo/pro/hantus/product-category/decor/index.html]
[www.nayrathemes.com/demo/pro/hantus/wp-json/oembed/1.0/embed4957]
[www.nayrathemes.com/demo/pro/hantus/product-filter/index.html]
[www.nayrathemes.com/demo/pro/hantus/product-category/manicures/index.html]
[www.nayrathemes.com/demo/pro/hantus/product-category/music/index.html]
[www.nayrathemes.com/demo/pro/hantus/product-category/oil/index.html]
[www.nayrathemes.com/demo/pro/hantus/product-category/pedicures/index.html]
[www.nayrathemes.com/demo/pro/hantus/product-category/uncategorized/index.html]
[www.nayrathemes.com/demo/pro/hantus/wp-content/plugins/woocommerce/assets/css/select2287d.css]
[www.nayrathemes.com/demo/pro/hantus/product-tag/latest/index.html]
[www.nayrathemes.com/demo/pro/hantus/product-category/waxing/index.html]
[www.nayrathemes.com/demo/pro/hantus/product-tag/new/index.html]
[www.nayrathemes.com/demo/pro/hantus/wp-json/wp/v2/pages/41.json]
[www.nayrathemes.com/demo/pro/hantus/product-filter/index83ae.html]
[www.nayrathemes.com/demo/pro/hantus/product-filter/indexaa11.html]
[www.nayrathemes.com/demo/pro/hantus/product-filter/index7547.html]
[www.nayrathemes.com/demo/pro/hantus/product-filter/index9d7e.html]
[www.nayrathemes.com/demo/pro/hantus/wp-json/oembed/1.0/embedb2c9.json]
[www.nayrathemes.com/demo/pro/hantus/product-filter/indexacaf.html]
[www.nayrathemes.com/demo/pro/hantus/wp-json/oembed/1.0/embedbfd8]
[www.nayrathemes.com/demo/pro/hantus/wp-content/plugins/woocommerce/assets/js/frontend/country-select.min287d.js]
[www.nayrathemes.com/demo/pro/hantus/wp-content/plugins/woocommerce/assets/js/frontend/address-i18n.min287d.js]
[www.nayrathemes.com/demo/pro/hantus/wp-content/plugins/woocommerce/assets/js/frontend/cart.min287d.js]
[www.nayrathemes.com/demo/pro/hantus/cart/index.html]
[www.nayrathemes.com/demo/pro/hantus/checkout/index.html]
[www.nayrathemes.com/demo/pro/hantus/wp-content/plugins/woocommerce/assets/js/selectWoo/selectWoo.full.min0ba6.js]
[www.nayrathemes.com/demo/pro/hantus/wp-json/wp/v2/pages/45.json]
[www.nayrathemes.com/demo/pro/hantus/wp-json/oembed/1.0/embede0fd.json]
[www.nayrathemes.com/demo/pro/hantus/my-account/index.html]
[www.nayrathemes.com/demo/pro/hantus/wp-json/oembed/1.0/embedb29c]
[www.nayrathemes.com/demo/pro/hantus/product/finish-souna111/feed/index.html]
[www.nayrathemes.com/demo/pro/hantus/wp-json/wp/v2/product/377.json]
[www.nayrathemes.com/demo/pro/hantus/my-account/lost-password/index.html]
[www.nayrathemes.com/demo/pro/hantus/wp-json/oembed/1.0/embed65b2.json]
[www.nayrathemes.com/demo/pro/hantus/wp-json/oembed/1.0/embed5387]
[www.nayrathemes.com/demo/pro/hantus/wp-content/plugins/woocommerce/assets/js/frontend/single-product.min287d.js]
[www.nayrathemes.com/demo/pro/hantus/wp-includes/js/comment-reply.min4c7e.js]
[www.nayrathemes.com/demo/pro/hantus/product/finish-souna111/index.html]
[www.nayrathemes.com/demo/pro/hantus/product/finish-souna111/indexaa11.html]
[www.nayrathemes.com/demo/pro/hantus/product/finish-souna111/index7547.html]
[www.nayrathemes.com/demo/pro/hantus/product/finish-souna111/index9d7e.html]
[www.nayrathemes.com/demo/pro/hantus/product/finish-souna111/indexacaf.html]
[www.nayrathemes.com/demo/pro/hantus/wp-json/wp/v2/product/59.json]
[www.nayrathemes.com/demo/pro/hantus/product/innisfree-tapping-lip-4/feed/index.html]
[www.nayrathemes.com/demo/pro/hantus/wp-json/oembed/1.0/embedc1e1.json]
[www.nayrathemes.com/demo/pro/hantus/wp-json/oembed/1.0/embedb69a]
[www.nayrathemes.com/demo/pro/hantus/wp-content/uploads/2019/03/product04-100x100.png]
[www.nayrathemes.com/demo/pro/hantus/product/innisfree-tapping-lip-4/index.html]
[www.nayrathemes.com/demo/pro/hantus/product/innisfree-tapping-lip-4/index9d7e.html]
[www.nayrathemes.com/demo/pro/hantus/product/innisfree-tapping-lip-4/indexacaf.html]
[www.nayrathemes.com/demo/pro/hantus/product/innisfree-tapping-lip-4/index7547.html]
[www.nayrathemes.com/demo/pro/hantus/product/innisfree-tapping-lip-4/index83ae.html]
[www.nayrathemes.com/demo/pro/hantus/wp-json/wp/v2/product/57.json]
[www.nayrathemes.com/demo/pro/hantus/product/innisfree-tapping-lip-3/feed/index.html]
[www.nayrathemes.com/demo/pro/hantus/wp-json/oembed/1.0/embed7a1a.json]
[www.nayrathemes.com/demo/pro/hantus/wp-json/oembed/1.0/embedee6a]
[www.nayrathemes.com/demo/pro/hantus/wp-content/uploads/2019/03/product03-100x100.png]
[www.nayrathemes.com/demo/pro/hantus/product/innisfree-tapping-lip-3/index.html]
[www.nayrathemes.com/demo/pro/hantus/product/innisfree-tapping-lip-3/indexaa11.html]
[www.nayrathemes.com/demo/pro/hantus/product/innisfree-tapping-lip-3/index83ae.html]
[www.nayrathemes.com/demo/pro/hantus/product/innisfree-tapping-lip-3/indexacaf.html]
[www.nayrathemes.com/demo/pro/hantus/product/innisfree-tapping-lip-3/index9d7e.html]
[www.nayrathemes.com/demo/pro/hantus/wp-json/wp/v2/product/55.json]
[www.nayrathemes.com/demo/pro/hantus/product/innisfree-tapping-lip-2/feed/index.html]
[www.nayrathemes.com/demo/pro/hantus/wp-json/oembed/1.0/embed924c.json]
[www.nayrathemes.com/demo/pro/hantus/wp-json/oembed/1.0/embed84f6]
[www.nayrathemes.com/demo/pro/hantus/wp-content/uploads/2019/03/product02-100x100.png]
[www.nayrathemes.com/demo/pro/hantus/product/innisfree-tapping-lip-2/index.html]
[www.nayrathemes.com/demo/pro/hantus/product/innisfree-tapping-lip-2/indexaa11.html]
[www.nayrathemes.com/demo/pro/hantus/product/innisfree-tapping-lip-2/index7547.html]
[www.nayrathemes.com/demo/pro/hantus/product/innisfree-tapping-lip-2/indexacaf.html]
[www.nayrathemes.com/demo/pro/hantus/product/innisfree-tapping-lip-2/index83ae.html]
[www.nayrathemes.com/demo/pro/hantus/wp-json/wp/v2/product/53.json]
[www.nayrathemes.com/demo/pro/hantus/product/innisfree-tapping-lip/feed/index.html]
[www.nayrathemes.com/demo/pro/hantus/wp-json/oembed/1.0/embed8195.json]
[www.nayrathemes.com/demo/pro/hantus/product/innisfree-tapping-lip/index.html]
[www.nayrathemes.com/demo/pro/hantus/wp-json/oembed/1.0/embed01a2]
[www.nayrathemes.com/demo/pro/hantus/product/innisfree-tapping-lip/indexaa11.html]
[www.nayrathemes.com/demo/pro/hantus/product/innisfree-tapping-lip/index83ae.html]
[www.nayrathemes.com/demo/pro/hantus/product/innisfree-tapping-lip/index7547.html]
[www.nayrathemes.com/demo/pro/hantus/product/innisfree-tapping-lip/index9d7e.html]
[www.nayrathemes.com/demo/pro/hantus/wp-content/uploads/2019/03/blogimg05.jpg]
[www.nayrathemes.com/demo/pro/hantus/wp-content/uploads/2019/03/blogimg03.jpg]
[www.nayrathemes.com/demo/pro/hantus/2019/index.html]
[www.nayrathemes.com/demo/pro/hantus/2019/03/04/elements-massage-appoints-first-ever-chief-wellness-officer-5/index.html]
[www.nayrathemes.com/demo/pro/hantus/wp-content/uploads/2019/03/blogimg02.jpg]
[www.nayrathemes.com/demo/pro/hantus/2019/03/04/elements-massage-appoints-first-ever-chief-wellness-officer-3/index.html]
[www.nayrathemes.com/demo/pro/hantus/wp-content/uploads/2019/03/blogimg01.jpg]
[www.nayrathemes.com/demo/pro/hantus/2019/03/04/index.html]
[www.nayrathemes.com/demo/pro/hantus/2019/03/04/elements-massage-appoints-first-ever-chief-wellness-officer-2/index.html]
[www.nayrathemes.com/demo/pro/hantus/author/nayrathemes/index.html]
[www.nayrathemes.com/demo/pro/hantus/wp-json/wp/v2/users/1.json]
[www.nayrathemes.com/demo/pro/hantus/author/nayrathemes/feed/index.html]
[www.nayrathemes.com/demo/pro/hantus/2019/03/04/elements-massage-appoints-first-ever-chief-wellness-officer/index.html]
[www.nayrathemes.com/demo/pro/hantus/author/nayrathemes/page/2/index.html]
[www.nayrathemes.com/demo/pro/hantus/2019/03/04/elements-massage-appoints-first-ever-chief-wellness-officer-7/feed/index.html]
[www.nayrathemes.com/demo/pro/hantus/wp-json/wp/v2/posts/83.json]
[www.nayrathemes.com/demo/pro/hantus/wp-json/oembed/1.0/embed2de7.json]
[www.nayrathemes.com/demo/pro/hantus/2019/03/04/elements-massage-appoints-first-ever-chief-wellness-officer-7/index.html]
[www.nayrathemes.com/demo/pro/hantus/wp-json/oembed/1.0/embed4a9c]
[www.nayrathemes.com/demo/pro/hantus/wp-json/wp/v2/posts/80.json]
[www.nayrathemes.com/demo/pro/hantus/2019/03/04/elements-massage-appoints-first-ever-chief-wellness-officer-6/feed/index.html]
[www.nayrathemes.com/demo/pro/hantus/wp-json/oembed/1.0/embed8479.json]
[www.nayrathemes.com/demo/pro/hantus/2019/03/04/elements-massage-appoints-first-ever-chief-wellness-officer-6/index.html]
[www.nayrathemes.com/demo/pro/hantus/wp-json/oembed/1.0/embed471b]
[www.nayrathemes.com/demo/pro/hantus/wp-json/wp/v2/posts/73.json]
[www.nayrathemes.com/demo/pro/hantus/2019/03/04/elements-massage-appoints-first-ever-chief-wellness-officer-4/feed/index.html]
[www.nayrathemes.com/demo/pro/hantus/wp-json/oembed/1.0/embed7904.json]
[www.nayrathemes.com/demo/pro/hantus/2019/03/04/elements-massage-appoints-first-ever-chief-wellness-officer-4/index.html]
[www.nayrathemes.com/demo/pro/hantus/wp-json/oembed/1.0/embede9b0]
[www.nayrathemes.com/demo/pro/hantus/2020/06/25/beach-bag-great-and-bikini-body-products/feed/index.html]
[www.nayrathemes.com/demo/pro/hantus/wp-json/wp/v2/posts/328.json]
[www.nayrathemes.com/demo/pro/hantus/wp-json/oembed/1.0/embed22e5.json]
[www.nayrathemes.com/demo/pro/hantus/2020/06/25/beach-bag-great-and-bikini-body-products/index.html]
[www.nayrathemes.com/demo/pro/hantus/wp-json/oembed/1.0/embed983b]
[www.nayrathemes.com/demo/pro/hantus/2020/06/25/when-massage-may-not-be-a-good-idea-fro-you/feed/index.html]
[www.nayrathemes.com/demo/pro/hantus/wp-json/wp/v2/posts/322.json]
[www.nayrathemes.com/demo/pro/hantus/2020/06/25/index.html]
[www.nayrathemes.com/demo/pro/hantus/wp-json/oembed/1.0/embeda0d9.json]
[www.nayrathemes.com/demo/pro/hantus/2020/06/25/when-massage-may-not-be-a-good-idea-fro-you/index.html]
[www.nayrathemes.com/demo/pro/hantus/wp-json/oembed/1.0/embed1055]
[www.nayrathemes.com/demo/pro/hantus/wp-json/wp/v2/posts/313.json]
[www.nayrathemes.com/demo/pro/hantus/2020/06/25/mens-sensitive-hydro-gel-the-perfect-cure/feed/index.html]
[www.nayrathemes.com/demo/pro/hantus/wp-json/oembed/1.0/embed1b6d.json]
[www.nayrathemes.com/demo/pro/hantus/2020/06/25/mens-sensitive-hydro-gel-the-perfect-cure/index.html]
[www.nayrathemes.com/demo/pro/hantus/wp-json/oembed/1.0/embed3f0d]
[www.nayrathemes.com/demo/pro/hantus/2020/06/25/certified-products-our-spa/feed/index.html]
[www.nayrathemes.com/demo/pro/hantus/wp-json/wp/v2/posts/310.json]
[www.nayrathemes.com/demo/pro/hantus/wp-json/oembed/1.0/embed989e.json]
[www.nayrathemes.com/demo/pro/hantus/2020/06/25/certified-products-our-spa/index.html]
[www.nayrathemes.com/demo/pro/hantus/wp-json/oembed/1.0/embed69e8]
[www.nayrathemes.com/demo/pro/hantus/2020/06/25/everything-your-body-needs/feed/index.html]
[www.nayrathemes.com/demo/pro/hantus/wp-json/wp/v2/posts/305.json]
[www.nayrathemes.com/demo/pro/hantus/wp-json/oembed/1.0/embedebf7.json]
[www.nayrathemes.com/demo/pro/hantus/2020/06/25/everything-your-body-needs/index.html]
[www.nayrathemes.com/demo/pro/hantus/2020/06/index.html]
[www.nayrathemes.com/demo/pro/hantus/wp-content/themes/hantus-pro/inc/style-configurator/style_bundle/alertify.min4c7e.css]
[www.nayrathemes.com/demo/pro/hantus/wp-content/themes/hantus-pro/inc/style-configurator/style_bundle/default.min4c7e.css]
[www.nayrathemes.com/demo/pro/hantus/wp-json/oembed/1.0/embede80c]
[www.nayrathemes.com/demo/pro/hantus/wp-content/themes/hantus-pro/assets/images/bg-pattern/pattern-1.png]
[www.nayrathemes.com/demo/pro/hantus/wp-content/themes/hantus-pro/assets/images/bg-pattern/pattern-2.png]
[www.nayrathemes.com/demo/pro/hantus/wp-content/themes/hantus-pro/assets/images/bg-pattern/pattern-3.png]
[www.nayrathemes.com/demo/pro/hantus/wp-content/themes/hantus-pro/assets/images/bg-pattern/pattern-4.png]
[www.nayrathemes.com/demo/pro/hantus/wp-content/themes/hantus-pro/assets/images/bg-pattern/pattern-5.png]
[www.nayrathemes.com/demo/pro/hantus/wp-content/themes/hantus-pro/assets/images/bg-pattern/pattern-6.png]
[www.nayrathemes.com/demo/pro/hantus/wp-content/themes/hantus-pro/assets/images/bg-pattern/pattern-7.png]
[www.nayrathemes.com/demo/pro/hantus/wp-content/themes/hantus-pro/assets/images/bg-pattern/pattern-8.png]
[www.nayrathemes.com/demo/pro/hantus/wp-content/themes/hantus-pro/assets/images/bg-pattern/pattern-9.png]
[www.nayrathemes.com/demo/pro/hantus/2020/index.html]
[www.nayrathemes.com/demo/pro/hantus/wp-content/themes/hantus-pro/assets/images/bg-pattern/pattern-10.png]
[www.nayrathemes.com/demo/pro/hantus/wp-content/themes/hantus-pro/assets/images/bg-pattern/pattern-11.png]
[www.nayrathemes.com/demo/pro/hantus/wp-content/themes/hantus-pro/assets/images/bg-pattern/pattern-12.png]
[www.nayrathemes.com/demo/pro/hantus/wp-content/themes/hantus-pro/assets/images/bg-pattern/pattern-13.png]
[www.nayrathemes.com/demo/pro/hantus/wp-content/themes/hantus-pro/assets/images/bg-pattern/pattern-14.png]
[www.nayrathemes.com/demo/pro/hantus/wp-content/themes/hantus-pro/assets/images/bg-pattern/pattern-15.png]
[www.nayrathemes.com/demo/pro/hantus/wp-content/themes/hantus-pro/assets/images/bg-pattern/pattern-16.png]
[www.nayrathemes.com/demo/pro/hantus/wp-content/themes/hantus-pro/assets/images/bg-pattern/pattern-17.png]
[www.nayrathemes.com/demo/pro/hantus/wp-content/themes/hantus-pro/assets/images/bg-pattern/pattern-18.png]
[www.nayrathemes.com/demo/pro/hantus/wp-content/themes/hantus-pro/assets/images/bg-pattern/pattern-19.png]
[www.nayrathemes.com/demo/pro/hantus/wp-content/themes/hantus-pro/assets/images/bg-pattern/pattern-20.png]
[www.nayrathemes.com/demo/pro/hantus/wp-content/themes/hantus-pro/assets/images/bg-pattern/pattern-21.png]
[www.nayrathemes.com/demo/pro/hantus/wp-content/themes/hantus-pro/assets/images/bg-pattern/pattern-22.png]
[www.nayrathemes.com/demo/pro/hantus/wp-content/themes/hantus-pro/assets/images/bg-pattern/pattern-23.png]
[www.nayrathemes.com/demo/pro/hantus/wp-content/themes/hantus-pro/assets/images/bg-pattern/pattern-24.png]
[www.nayrathemes.com/demo/pro/hantus/wp-content/themes/hantus-pro/assets/images/bg-pattern/pattern-25.png]
[www.nayrathemes.com/demo/pro/hantus/wp-content/themes/hantus-pro/assets/images/bg-pattern/pattern-26.png]
[www.nayrathemes.com/demo/pro/hantus/wp-content/themes/hantus-pro/assets/images/bg-pattern/pattern-27.png]
[www.nayrathemes.com/demo/pro/hantus/wp-content/themes/hantus-pro/assets/images/bg-pattern/pattern-28.png]
[www.nayrathemes.com/demo/pro/hantus/wp-content/themes/hantus-pro/assets/images/bg-pattern/pattern-29.png]
[www.nayrathemes.com/demo/pro/hantus/wp-content/themes/hantus-pro/assets/images/bg-pattern/pattern-30.png]
[www.nayrathemes.com/demo/pro/hantus/wp-content/themes/hantus-pro/assets/images/bg-pattern/pattern-31.png]
[www.nayrathemes.com/demo/pro/hantus/wp-content/themes/hantus-pro/assets/images/bg-pattern/pattern-32.png]
[www.nayrathemes.com/demo/pro/hantus/wp-content/themes/hantus-pro/assets/images/bg-pattern/pattern-33.png]
[www.nayrathemes.com/demo/pro/hantus/wp-content/themes/hantus-pro/assets/images/bg-pattern/pattern-34.png]
[www.nayrathemes.com/demo/pro/hantus/wp-content/themes/hantus-pro/assets/images/bg-pattern/pattern-35.png]
[www.nayrathemes.com/demo/pro/hantus/wp-content/themes/hantus-pro/assets/images/bg-pattern/pattern-36.png]
[www.nayrathemes.com/demo/pro/hantus/wp-content/themes/hantus-pro/assets/images/bg-pattern/pattern-37.png]
[www.nayrathemes.com/demo/pro/hantus/wp-content/themes/hantus-pro/assets/images/bg-pattern/pattern-38.png]
[www.nayrathemes.com/demo/pro/hantus/wp-content/themes/hantus-pro/assets/images/bg-pattern/pattern-39.png]
[www.nayrathemes.com/demo/pro/hantus/wp-content/themes/hantus-pro/inc/style-configurator/style_bundle/style-configurator4c7e.css]
[www.nayrathemes.com/demo/pro/hantus/wp-content/plugins/contact-widgets/assets/fonts/fontawesome-webfont3e6e.svg]
[www.nayrathemes.com/demo/pro/hantus/wp-content/plugins/revslider/public/assets/fonts/revicons/revicons90c6.svg]
[www.nayrathemes.com/demo/pro/hantus/wp-content/plugins/revslider/public/assets/css/openhand.html]
[www.nayrathemes.com/demo/pro/hantus/wp-content/plugins/revslider/public/assets/css/closedhand.html]
[www.nayrathemes.com/demo/pro/hantus/wp-content/plugins/woocommerce/assets/fonts/star.svg]
[www.nayrathemes.com/demo/pro/hantus/wp-content/plugins/woocommerce/assets/fonts/WooCommerce.svg]
[www.nayrathemes.com/demo/pro/hantus/wp-content/plugins/woocommerce/assets/images/icons/loader.svg]
[www.nayrathemes.com/demo/pro/hantus/wp-content/plugins/woocommerce/assets/images/icons/credit-cards/visa.svg]
[www.nayrathemes.com/demo/pro/hantus/wp-content/plugins/woocommerce/assets/images/icons/credit-cards/mastercard.svg]
[www.nayrathemes.com/demo/pro/hantus/wp-content/plugins/woocommerce/assets/images/icons/credit-cards/laser.svg]
[www.nayrathemes.com/demo/pro/hantus/wp-content/plugins/woocommerce/assets/images/icons/credit-cards/diners.svg]
[www.nayrathemes.com/demo/pro/hantus/wp-content/plugins/woocommerce/assets/images/icons/credit-cards/maestro.svg]
[www.nayrathemes.com/demo/pro/hantus/wp-content/plugins/woocommerce/assets/images/icons/credit-cards/jcb.svg]
[www.nayrathemes.com/demo/pro/hantus/wp-content/plugins/woocommerce/assets/images/icons/credit-cards/amex.svg]
[www.nayrathemes.com/demo/pro/hantus/wp-content/plugins/woocommerce/assets/images/icons/credit-cards/discover.svg]
[www.nayrathemes.com/demo/pro/hantus/wp-content/themes/hantus-pro/assets/css/owl.video.play.html]
[www.nayrathemes.com/demo/pro/hantus/wp-content/themes/img/bg/feature-bg.html]
[www.nayrathemes.com/demo/pro/hantus/wp-content/themes/assets/images/section-icon.html]
[www.nayrathemes.com/demo/pro/hantus/wp-content/themes/img/bg/appoinmentbg.html]
[www.nayrathemes.com/demo/pro/hantus/wp-content/themes/img/bg/breadcrumb-bg.html]
[www.nayrathemes.com/demo/pro/hantus/wp-content/themes/img/about-page/wcu.html]
[www.nayrathemes.com/demo/pro/hantus/index5034.html]
[www.nayrathemes.com/demo/pro/hantus/revolution-slider/2019/03/04.html]
[www.nayrathemes.com/demo/pro/hantus/index5eda.html]
[www.nayrathemes.com/demo/pro/hantus/index8e15.html]
[www.nayrathemes.com/demo/pro/hantus/indexd1c3.html]
[www.nayrathemes.com/demo/pro/hantus/indexb6ad.html]
[www.nayrathemes.com/demo/pro/hantus/indexb7c7.html]
[www.nayrathemes.com/demo/pro/hantus/index9430.html]
[www.nayrathemes.com/demo/pro/hantus/index7737.html]
[www.nayrathemes.com/demo/pro/hantus/indexdb84.html]
[www.nayrathemes.com/demo/pro/hantus/index5070.html]
[www.nayrathemes.com/demo/pro/hantus/index460d.html]
[www.nayrathemes.com/demo/pro/hantus/2019/03/index.html]
[www.nayrathemes.com/demo/pro/hantus/2019/03/04/elements-massage-appoints-first-ever-chief-wellness-officer-8/feed/index.html]
[www.nayrathemes.com/demo/pro/hantus/wp-json/wp/v2/posts/86.json]
[www.nayrathemes.com/demo/pro/hantus/wp-json/oembed/1.0/embed1408.json]
[www.nayrathemes.com/demo/pro/hantus/2019/03/04/elements-massage-appoints-first-ever-chief-wellness-officer-8/index.html]
[www.nayrathemes.com/demo/pro/hantus/blog-left-sidebar/page/2/index.html]
[www.nayrathemes.com/demo/pro/hantus/wp-json/oembed/1.0/embed54b2]
[www.nayrathemes.com/demo/pro/hantus/category/all/feed/index.html]
[www.nayrathemes.com/demo/pro/hantus/category/all/index.html]
[www.nayrathemes.com/demo/pro/hantus/wp-json/wp/v2/categories/39.json]
[www.nayrathemes.com/demo/pro/hantus/category/beauty/index.html]
[www.nayrathemes.com/demo/pro/hantus/wp-json/wp/v2/categories/52.json]
[www.nayrathemes.com/demo/pro/hantus/category/beauty/feed/index.html]
[www.nayrathemes.com/demo/pro/hantus/category/business/index.html]
[www.nayrathemes.com/demo/pro/hantus/category/business/feed/index.html]
[www.nayrathemes.com/demo/pro/hantus/wp-json/wp/v2/categories/33.json]
[www.nayrathemes.com/demo/pro/hantus/category/latest/index.html]
[www.nayrathemes.com/demo/pro/hantus/wp-json/wp/v2/categories/34.json]
[www.nayrathemes.com/demo/pro/hantus/category/latest/feed/index.html]
[www.nayrathemes.com/demo/pro/hantus/category/product/feed/index.html]
[www.nayrathemes.com/demo/pro/hantus/category/product/index.html]
[www.nayrathemes.com/demo/pro/hantus/wp-json/wp/v2/categories/55.json]
[www.nayrathemes.com/demo/pro/hantus/category/stream/index.html]
[www.nayrathemes.com/demo/pro/hantus/wp-json/wp/v2/categories/58.json]
[www.nayrathemes.com/demo/pro/hantus/category/stream/feed/index.html]
[www.nayrathemes.com/demo/pro/hantus/category/uncategorized/feed/index.html]
[www.nayrathemes.com/demo/pro/hantus/category/uncategorized/index.html]
[www.nayrathemes.com/demo/pro/hantus/wp-json/wp/v2/categories/1.json]
[www.nayrathemes.com/demo/pro/hantus/wp-includes/css/dashicons.min4c7e.css]
[www.nayrathemes.com/demo/pro/hantus/category/uncategorized/page/2/index.html]
[www.nayrathemes.com/demo/pro/hantus/wp-includes/css/buttons.min4c7e.css]
[www.nayrathemes.com/demo/pro/hantus/wp-admin/css/forms.min4c7e.css]
[www.nayrathemes.com/demo/pro/hantus/wp-admin/css/l10n.min4c7e.css]
[www.nayrathemes.com/demo/pro/hantus/wp-admin/css/login.min4c7e.css]
[www.nayrathemes.com/demo/pro/hantus/wp-includes/js/zxcvbn-async.min5152.js]
[www.nayrathemes.com/demo/pro/hantus/wp-includes/js/dist/vendor/wp-polyfill.min89b1.js]
[www.nayrathemes.com/demo/pro/hantus/wp-includes/js/dist/vendor/wp-polyfill-fetch.min6e0e.js]
[www.nayrathemes.com/demo/pro/hantus/wp-includes/js/dist/vendor/wp-polyfill-node-contains.min2e00.js]
[www.nayrathemes.com/demo/pro/hantus/wp-includes/js/dist/vendor/wp-polyfill-dom-rect.min2e00.js]
[www.nayrathemes.com/demo/pro/hantus/wp-includes/js/dist/vendor/wp-polyfill-url.min5aed.js]
[www.nayrathemes.com/demo/pro/hantus/wp-includes/js/dist/vendor/wp-polyfill-formdata.mine9bd.js]
[www.nayrathemes.com/demo/pro/hantus/wp-includes/js/dist/vendor/wp-polyfill-element-closest.min4c56.js]
[www.nayrathemes.com/demo/pro/hantus/wp-includes/js/dist/i18n.mina706.js]
[www.nayrathemes.com/demo/pro/hantus/wp-admin/js/password-strength-meter.min4c7e.js]
[www.nayrathemes.com/demo/pro/hantus/wp-includes/js/underscore.min4511.js]
[www.nayrathemes.com/demo/pro/hantus/wp-includes/js/wp-util.min4c7e.js]
[www.nayrathemes.com/demo/pro/hantus/wp-login.html]
[www.nayrathemes.com/demo/pro/hantus/wp-admin/js/user-profile.min4c7e.js]
[www.nayrathemes.com/demo/pro/hantus/tag/beach/feed/index.html]
[www.nayrathemes.com/demo/pro/hantus/tag/beach/index.html]
[www.nayrathemes.com/demo/pro/hantus/wp-json/wp/v2/tags/62.json]
[www.nayrathemes.com/demo/pro/hantus/tag/beauty/index.html]
[www.nayrathemes.com/demo/pro/hantus/wp-json/wp/v2/tags/53.json]
[www.nayrathemes.com/demo/pro/hantus/tag/beauty/feed/index.html]
[www.nayrathemes.com/demo/pro/hantus/tag/nature/feed/index.html]
[www.nayrathemes.com/demo/pro/hantus/tag/nature/index.html]
[www.nayrathemes.com/demo/pro/hantus/wp-json/wp/v2/tags/60.json]
[www.nayrathemes.com/demo/pro/hantus/tag/new/index.html]
[www.nayrathemes.com/demo/pro/hantus/wp-json/wp/v2/tags/35.json]
[www.nayrathemes.com/demo/pro/hantus/tag/new/feed/index.html]
[www.nayrathemes.com/demo/pro/hantus/tag/product/index.html]
[www.nayrathemes.com/demo/pro/hantus/tag/product/feed/index.html]
[www.nayrathemes.com/demo/pro/hantus/wp-json/wp/v2/tags/56.json]
[www.nayrathemes.com/demo/pro/hantus/tag/service/index.html]
[www.nayrathemes.com/demo/pro/hantus/wp-json/wp/v2/tags/57.json]
[www.nayrathemes.com/demo/pro/hantus/tag/service/feed/index.html]
[www.nayrathemes.com/demo/pro/hantus/tag/spa/index.html]
[www.nayrathemes.com/demo/pro/hantus/tag/spa/feed/index.html]
[www.nayrathemes.com/demo/pro/hantus/wp-json/wp/v2/tags/36.json]
[www.nayrathemes.com/demo/pro/hantus/tag/stream/index.html]
[www.nayrathemes.com/demo/pro/hantus/wp-json/wp/v2/tags/59.json]
[www.nayrathemes.com/demo/pro/hantus/tag/stream/feed/index.html]
[www.nayrathemes.com/demo/pro/hantus/tag/yoga/index.html]
[www.nayrathemes.com/demo/pro/hantus/indexbbbb.html]
[www.nayrathemes.com/demo/pro/hantus/blog-right-sidebar/page/2/index.html]
[www.nayrathemes.com/demo/pro/hantus/index0a10.html]
[www.nayrathemes.com/demo/pro/hantus/blog-full-width/page/2/index.html]
[www.nayrathemes.com/demo/pro/hantus/indexf4d1.html]
[www.nayrathemes.com/demo/pro/hantus/index198a.html]
[www.nayrathemes.com/demo/pro/hantus/shop/index83ae.html]
[www.nayrathemes.com/demo/pro/hantus/shop/index7547.html]
[www.nayrathemes.com/demo/pro/hantus/tag/yoga/feed/index.html]
[www.nayrathemes.com/demo/pro/hantus/wp-json/wp/v2/tags/54.json]
[www.nayrathemes.com/demo/pro/hantus/shop/index9d7e.html]
[www.nayrathemes.com/demo/pro/hantus/shop/indexacaf.html]
[www.nayrathemes.com/demo/pro/hantus/cart/indexe2bd.html]
[www.nayrathemes.com/demo/pro/hantus/shop/indexaa11.html]
[www.nayrathemes.com/demo/pro/hantus/cart/index6d4d.html]
[www.nayrathemes.com/demo/pro/hantus/product-category/all/index.html]
[www.nayrathemes.com/demo/pro/hantus/product-category/all/feed/index.html]
[www.nayrathemes.com/demo/pro/hantus/product-category/clothing/index.html]
[www.nayrathemes.com/demo/pro/hantus/product-category/all/index83ae.html]
[www.nayrathemes.com/demo/pro/hantus/product-category/all/indexaa11.html]
[www.nayrathemes.com/demo/pro/hantus/product-category/clothing/accessories/index.html]
[www.nayrathemes.com/demo/pro/hantus/product-category/all/index9d7e.html]
[www.nayrathemes.com/demo/pro/hantus/product-category/all/indexacaf.html]
[www.nayrathemes.com/demo/pro/hantus/product-category/clothing/hoodies/index.html]
[www.nayrathemes.com/demo/pro/hantus/product-category/all/index7547.html]
[www.nayrathemes.com/demo/pro/hantus/product-category/clothing/feed/index.html]
[www.nayrathemes.com/demo/pro/hantus/product-category/clothing/tshirts/index.html]
[www.nayrathemes.com/demo/pro/hantus/product-category/clothing/accessories/feed/index.html]
[www.nayrathemes.com/demo/pro/hantus/product-category/clothing/hoodies/feed/index.html]
[www.nayrathemes.com/demo/pro/hantus/product-category/cream/index.html]
[www.nayrathemes.com/demo/pro/hantus/product-category/clothing/tshirts/feed/index.html]
[www.nayrathemes.com/demo/pro/hantus/product-category/cream/feed/index.html]
[www.nayrathemes.com/demo/pro/hantus/product-category/decor/index.html]
[www.nayrathemes.com/demo/pro/hantus/product-category/cream/index83ae.html]
[www.nayrathemes.com/demo/pro/hantus/product-category/cream/indexaa11.html]
[www.nayrathemes.com/demo/pro/hantus/product-category/manicures/index.html]
[www.nayrathemes.com/demo/pro/hantus/product-category/cream/index7547.html]
[www.nayrathemes.com/demo/pro/hantus/product-category/cream/indexacaf.html]
[www.nayrathemes.com/demo/pro/hantus/product-category/music/index.html]
[www.nayrathemes.com/demo/pro/hantus/product-category/decor/feed/index.html]
[www.nayrathemes.com/demo/pro/hantus/product-category/manicures/feed/index.html]
[www.nayrathemes.com/demo/pro/hantus/product-category/oil/index.html]
[www.nayrathemes.com/demo/pro/hantus/product-category/manicures/indexaa11.html]
[www.nayrathemes.com/demo/pro/hantus/product-category/music/feed/index.html]
[www.nayrathemes.com/demo/pro/hantus/product-category/pedicures/index.html]
[www.nayrathemes.com/demo/pro/hantus/product-category/oil/feed/index.html]
[www.nayrathemes.com/demo/pro/hantus/product-category/oil/index83ae.html]
[www.nayrathemes.com/demo/pro/hantus/product-category/uncategorized/index.html]
[www.nayrathemes.com/demo/pro/hantus/product-category/oil/index9d7e.html]
[www.nayrathemes.com/demo/pro/hantus/product-category/pedicures/feed/index.html]
[www.nayrathemes.com/demo/pro/hantus/product-category/waxing/index.html]
[www.nayrathemes.com/demo/pro/hantus/product-category/pedicures/index83ae.html]
[www.nayrathemes.com/demo/pro/hantus/product-category/pedicures/indexacaf.html]
[www.nayrathemes.com/demo/pro/hantus/product-tag/latest/index.html]
[www.nayrathemes.com/demo/pro/hantus/product-category/uncategorized/feed/index.html]
[www.nayrathemes.com/demo/pro/hantus/product-category/waxing/feed/index.html]
[www.nayrathemes.com/demo/pro/hantus/product-tag/new/index.html]
[www.nayrathemes.com/demo/pro/hantus/product-category/waxing/indexacaf.html]
[www.nayrathemes.com/demo/pro/hantus/product-category/waxing/index7547.html]
[www.nayrathemes.com/demo/pro/hantus/index7b17.html]
[www.nayrathemes.com/demo/pro/hantus/product-tag/latest/feed/index.html]
[www.nayrathemes.com/demo/pro/hantus/product-filter/index83ae.html]
[www.nayrathemes.com/demo/pro/hantus/product-tag/new/feed/index.html]
[www.nayrathemes.com/demo/pro/hantus/product-tag/latest/index9d7e.html]
[www.nayrathemes.com/demo/pro/hantus/product-filter/indexaa11.html]
[www.nayrathemes.com/demo/pro/hantus/product-filter/index7547.html]
[www.nayrathemes.com/demo/pro/hantus/product-filter/index9d7e.html]
[www.nayrathemes.com/demo/pro/hantus/product-tag/new/index9d7e.html]
[www.nayrathemes.com/demo/pro/hantus/product-filter/indexacaf.html]
[www.nayrathemes.com/demo/pro/hantus/wp-content/plugins/woocommerce/assets/css/select2287d.css]
[www.nayrathemes.com/demo/pro/hantus/indexcbb6.html]
[www.nayrathemes.com/demo/pro/hantus/index5e74.html]
[www.nayrathemes.com/demo/pro/hantus/wp-content/plugins/woocommerce/assets/js/frontend/password-strength-meter.min287d.js]
[www.nayrathemes.com/demo/pro/hantus/my-account/lost-password/index.html]
[www.nayrathemes.com/demo/pro/hantus/indexa7ab.html]
[www.nayrathemes.com/demo/pro/hantus/product/index.html]
[www.nayrathemes.com/demo/pro/hantus/product/finish-souna111/indexaa11.html]
[www.nayrathemes.com/demo/pro/hantus/product/finish-souna111/index7547.html]
[www.nayrathemes.com/demo/pro/hantus/product/finish-souna111/index9d7e.html]
[www.nayrathemes.com/demo/pro/hantus/product/finish-souna111/indexacaf.html]
[www.nayrathemes.com/demo/pro/hantus/index1098.html]
[www.nayrathemes.com/demo/pro/hantus/product/innisfree-tapping-lip-4/index7547.html]
[www.nayrathemes.com/demo/pro/hantus/product/innisfree-tapping-lip-4/index83ae.html]
[www.nayrathemes.com/demo/pro/hantus/product/innisfree-tapping-lip-4/index9d7e.html]
[www.nayrathemes.com/demo/pro/hantus/product/innisfree-tapping-lip-4/indexacaf.html]
[www.nayrathemes.com/demo/pro/hantus/index9787.html]
[www.nayrathemes.com/demo/pro/hantus/product/innisfree-tapping-lip-3/indexaa11.html]
[www.nayrathemes.com/demo/pro/hantus/product/innisfree-tapping-lip-3/index9d7e.html]
[www.nayrathemes.com/demo/pro/hantus/product/innisfree-tapping-lip-3/indexacaf.html]
[www.nayrathemes.com/demo/pro/hantus/product/innisfree-tapping-lip-3/index83ae.html]
[www.nayrathemes.com/demo/pro/hantus/index8054.html]
[www.nayrathemes.com/demo/pro/hantus/product/innisfree-tapping-lip-2/indexaa11.html]
[www.nayrathemes.com/demo/pro/hantus/wp-content/plugins/woocommerce/assets/js/frontend/lost-password.min287d.js]
[www.nayrathemes.com/demo/pro/hantus/product/innisfree-tapping-lip-2/index83ae.html]
[www.nayrathemes.com/demo/pro/hantus/product/innisfree-tapping-lip-2/index7547.html]
[www.nayrathemes.com/demo/pro/hantus/product/innisfree-tapping-lip-2/indexacaf.html]
[www.nayrathemes.com/demo/pro/hantus/index5fb3.html]
[www.nayrathemes.com/demo/pro/hantus/product/innisfree-tapping-lip/index7547.html]
[www.nayrathemes.com/demo/pro/hantus/product/innisfree-tapping-lip/index83ae.html]
[www.nayrathemes.com/demo/pro/hantus/product/innisfree-tapping-lip/indexaa11.html]
[www.nayrathemes.com/demo/pro/hantus/product/innisfree-tapping-lip/index9d7e.html]
[www.nayrathemes.com/demo/pro/hantus/2019/index.html]
[www.nayrathemes.com/demo/pro/hantus/wp-json/wp/v2/posts/77.json]
[www.nayrathemes.com/demo/pro/hantus/2019/03/04/elements-massage-appoints-first-ever-chief-wellness-officer-5/feed/index.html]
[www.nayrathemes.com/demo/pro/hantus/wp-json/oembed/1.0/embed62d7.json]
[www.nayrathemes.com/demo/pro/hantus/2019/03/04/elements-massage-appoints-first-ever-chief-wellness-officer-5/index.html]
[www.nayrathemes.com/demo/pro/hantus/wp-json/oembed/1.0/embeda52e]
[www.nayrathemes.com/demo/pro/hantus/wp-json/wp/v2/posts/70.json]
[www.nayrathemes.com/demo/pro/hantus/2019/03/04/elements-massage-appoints-first-ever-chief-wellness-officer-3/feed/index.html]
[www.nayrathemes.com/demo/pro/hantus/wp-json/oembed/1.0/embedf255.json]
[www.nayrathemes.com/demo/pro/hantus/2019/03/04/elements-massage-appoints-first-ever-chief-wellness-officer-3/index.html]
[www.nayrathemes.com/demo/pro/hantus/wp-json/oembed/1.0/embedfefe]
[www.nayrathemes.com/demo/pro/hantus/wp-json/wp/v2/posts/66.json]
[www.nayrathemes.com/demo/pro/hantus/2019/03/04/elements-massage-appoints-first-ever-chief-wellness-officer-2/feed/index.html]
[www.nayrathemes.com/demo/pro/hantus/wp-json/oembed/1.0/embed918a.json]
[www.nayrathemes.com/demo/pro/hantus/2019/03/04/elements-massage-appoints-first-ever-chief-wellness-officer-2/index.html]
[www.nayrathemes.com/demo/pro/hantus/wp-json/oembed/1.0/embed8383]
[www.nayrathemes.com/demo/pro/hantus/wp-json/wp/v2/posts/63.json]
[www.nayrathemes.com/demo/pro/hantus/2019/03/04/elements-massage-appoints-first-ever-chief-wellness-officer/feed/index.html]
[www.nayrathemes.com/demo/pro/hantus/wp-json/oembed/1.0/embede4d5.json]
[www.nayrathemes.com/demo/pro/hantus/2019/03/04/elements-massage-appoints-first-ever-chief-wellness-officer/index.html]
[www.nayrathemes.com/demo/pro/hantus/author/nayrathemes/page/2/index.html]
[www.nayrathemes.com/demo/pro/hantus/xmlrpc.php]
[www.nayrathemes.com/demo/pro/hantus/index55e4.html]
[www.nayrathemes.com/demo/pro/hantus/indexbde5.html]
[www.nayrathemes.com/demo/pro/hantus/index8cae.html]
[www.nayrathemes.com/demo/pro/hantus/indexc518.html]
[www.nayrathemes.com/demo/pro/hantus/2020/06/25/index.html]
[www.nayrathemes.com/demo/pro/hantus/indexeffc.html]
[www.nayrathemes.com/demo/pro/hantus/index8c55.html]
[www.nayrathemes.com/demo/pro/hantus/index90b2.html]
[www.nayrathemes.com/demo/pro/hantus/index4720.html]
[www.nayrathemes.com/demo/pro/hantus/2020/index.html]
[www.nayrathemes.com/demo/pro/hantus/index6213.html]
[www.nayrathemes.com/demo/pro/hantus/category/uncategorized/page/2/index.html]
[www.nayrathemes.com/demo/pro/hantus/wp-json/oembed/1.0/embed79dc]
[www.nayrathemes.com/demo/pro/hantus/wp-includes/fonts/dashicons7d4b.eot]
[www.nayrathemes.com/demo/pro/hantus/wp-includes/css/dashicons.min4c7e.css]
[www.nayrathemes.com/demo/pro/hantus/wp-includes/css/buttons.min4c7e.css]
[www.nayrathemes.com/demo/pro/hantus/wp-includes/fonts/dashicons7d4b.ttf]
[www.nayrathemes.com/demo/pro/hantus/wp-admin/images/loading.gif]
[www.nayrathemes.com/demo/pro/hantus/wp-admin/css/forms.min4c7e.css]
[www.nayrathemes.com/demo/pro/hantus/wp-admin/css/l10n.min4c7e.css]
[www.nayrathemes.com/demo/pro/hantus/wp-admin/images/w-logo-blue7a53.png]
[www.nayrathemes.com/demo/pro/hantus/wp-admin/css/login.min4c7e.css]
[www.nayrathemes.com/demo/pro/hantus/wp-admin/images/wordpress-logo7d6b.svg]
[www.paypalobjects.com/webstatic/en_US/i/buttons/checkout-logo-.1a1.delayed]
[www.nayrathemes.com/demo/pro/hantus/cart/indexe2bd.html]
[www.nayrathemes.com/demo/pro/hantus/cart/index8dbd.html]
[www.nayrathemes.com/demo/pro/hantus/cart/index6d4d.html]
[www.nayrathemes.com/demo/pro/hantus/cart/index0dab.html]
[www.nayrathemes.com/demo/pro/hantus/cart/index4185.html]
[www.nayrathemes.com/demo/pro/hantus/product-category/all/index83ae.html]
[www.nayrathemes.com/demo/pro/hantus/product-category/all/indexaa11.html]
[www.nayrathemes.com/demo/pro/hantus/product-category/all/index9d7e.html]
[www.nayrathemes.com/demo/pro/hantus/product-category/all/indexacaf.html]
[www.nayrathemes.com/demo/pro/hantus/product-category/all/index7547.html]
[www.nayrathemes.com/demo/pro/hantus/product-category/cream/index83ae.html]
[www.nayrathemes.com/demo/pro/hantus/product-category/cream/indexaa11.html]
[www.nayrathemes.com/demo/pro/hantus/product-category/cream/index7547.html]
[www.nayrathemes.com/demo/pro/hantus/product-category/cream/indexacaf.html]
[www.nayrathemes.com/demo/pro/hantus/product-category/manicures/indexaa11.html]
[www.nayrathemes.com/demo/pro/hantus/product-category/oil/index83ae.html]
[www.nayrathemes.com/demo/pro/hantus/product-category/oil/index9d7e.html]
[www.nayrathemes.com/demo/pro/hantus/product-category/pedicures/index83ae.html]
[www.nayrathemes.com/demo/pro/hantus/product-category/pedicures/indexacaf.html]
[www.nayrathemes.com/demo/pro/hantus/product-category/waxing/indexacaf.html]
[www.nayrathemes.com/demo/pro/hantus/product-category/waxing/index7547.html]
[www.nayrathemes.com/demo/pro/hantus/product-tag/latest/index9d7e.html]
[www.nayrathemes.com/demo/pro/hantus/product-tag/new/index9d7e.html]
[www.nayrathemes.com/demo/pro/hantus/cart/index607f.html]
[www.nayrathemes.com/demo/pro/hantus/cart/index54f0.html]
[www.nayrathemes.com/demo/pro/hantus/indexb135.html]
[www.nayrathemes.com/demo/pro/hantus/index3f3a.html]
[www.nayrathemes.com/demo/pro/hantus/index4f61.html]
[www.nayrathemes.com/demo/pro/hantus/index2cce.html]
[www.nayrathemes.com/demo/pro/hantus/wp-admin/images/wordpress-logo7d6b.svg]
[www.nayrathemes.com/demo/pro/hantus/cart/indexddf3.html]
[www.paypalobjects.com/webstatic/en_US/i/buttons/checkout-logo-.html]
[www.nayrathemes.com/demo/pro/hantus/shop/indexaafe.html]
[www.nayrathemes.com/demo/pro/hantus/cart/indexa6ad.html]
[www.nayrathemes.com/demo/pro/hantus/cart/index6631.html]
[www.nayrathemes.com/demo/pro/hantus/cart/indexc247.html]
[www.nayrathemes.com/demo/pro/hantus/product-filter/indexaafe.html]
[www.nayrathemes.com/demo/pro/hantus/cart/index87c8.html]
